python : 2026-02-26 
17:08:29.273212: I tensorfl
ow/core/util/port.cc:153] 
oneDNN custom operations 
are on. You may see 
slightly different 
numerical results due to 
floating-point round-off 
errors from different 
computation orders. To 
turn them off, set the 
environment variable 
`TF_ENABLE_ONEDNN_OPTS=0`.
At line:1 char:1
+ python e:\nids_after_shiv
en\nids_shiven\backend\veri
fy_pipeline.py 2> ...
+ ~~~~~~~~~~~~~~~~~~~~~~~~~
~~~~~~~~~~~~~~~~~~~~~~~~~~~
~~~~~~~~~~~~~~~~~
    + CategoryInfo         
     : NotSpecified: (202  
  6-02-26 17:0...ONEDNN_   
 OPTS=0`.:String) [], R    
emoteException
    + FullyQualifiedErrorI 
   d : NativeCommandError
 
2026-02-26 
17:08:31.165880: I tensorfl
ow/core/util/port.cc:153] 
oneDNN custom operations 
are on. You may see 
slightly different 
numerical results due to 
floating-point round-off 
errors from different 
computation orders. To 
turn them off, set the 
environment variable 
`TF_ENABLE_ONEDNN_OPTS=0`.
2026-02-26 17:08:32,503 - 
PipelineVerifier - INFO - 
Loading 5-Stage NIDS...
2026-02-26 
17:08:32.508207: I tensorfl
ow/core/platform/cpu_featur
e_guard.cc:210] This 
TensorFlow binary is 
optimized to use available 
CPU instructions in 
performance-critical 
operations.
To enable the following 
instructions: SSE3 SSE4.1 
SSE4.2 AVX AVX2 AVX_VNNI 
FMA, in other operations, 
rebuild TensorFlow with 
the appropriate compiler 
flags.
2026-02-26 17:08:32,708 - 
HybridDetectionEngine - 
INFO - Hybrid Detection 
Engine initialized with 3 
signatures.
2026-02-26 17:08:32,717 - 
PipelineVerifier - INFO - 
Reading e:\nids_after_shive
n\nids_shiven\combine.csv..
.
C:\Users\user\AppData\Local
\Programs\Python\Python311\
Lib\site-packages\sklearn\u
tils\validation.py:2691: 
UserWarning: X does not 
have valid feature names, 
but RandomForestClassifier 
was fitted with feature 
names
  warnings.warn(
C:\Users\user\AppData\Local
\Programs\Python\Python311\
Lib\site-packages\sklearn\u
tils\validation.py:2691: 
UserWarning: X does not 
have valid feature names, 
but RandomForestClassifier 
was fitted with feature 
names
  warnings.warn(
C:\Users\user\AppData\Local
\Programs\Python\Python311\
Lib\site-packages\sklearn\u
tils\validation.py:2691: 
UserWarning: X does not 
have valid feature names, 
but RandomForestClassifier 
was fitted with feature 
names
  warnings.warn(
C:\Users\user\AppData\Local
\Programs\Python\Python311\
Lib\site-packages\sklearn\u
tils\validation.py:2691: 
UserWarning: X does not 
have valid feature names, 
but RandomForestClassifier 
was fitted with feature 
names
  warnings.warn(
C:\Users\user\AppData\Local
\Programs\Python\Python311\
Lib\site-packages\sklearn\u
tils\validation.py:2691: 
UserWarning: X does not 
have valid feature names, 
but RandomForestClassifier 
was fitted with feature 
names
  warnings.warn(
C:\Users\user\AppData\Local
\Programs\Python\Python311\
Lib\site-packages\sklearn\u
tils\validation.py:2691: 
UserWarning: X does not 
have valid feature names, 
but RandomForestClassifier 
was fitted with feature 
names
  warnings.warn(
C:\Users\user\AppData\Local
\Programs\Python\Python311\
Lib\site-packages\sklearn\u
tils\validation.py:2691: 
UserWarning: X does not 
have valid feature names, 
but RandomForestClassifier 
was fitted with feature 
names
  warnings.warn(
C:\Users\user\AppData\Local
\Programs\Python\Python311\
Lib\site-packages\sklearn\u
tils\validation.py:2691: 
UserWarning: X does not 
have valid feature names, 
but RandomForestClassifier 
was fitted with feature 
names
  warnings.warn(
C:\Users\user\AppData\Local
\Programs\Python\Python311\
Lib\site-packages\sklearn\u
tils\validation.py:2691: 
UserWarning: X does not 
have valid feature names, 
but RandomForestClassifier 
was fitted with feature 
names
  warnings.warn(
C:\Users\user\AppData\Local
\Programs\Python\Python311\
Lib\site-packages\sklearn\u
tils\validation.py:2691: 
UserWarning: X does not 
have valid feature names, 
but RandomForestClassifier 
was fitted with feature 
names
  warnings.warn(
C:\Users\user\AppData\Local
\Programs\Python\Python311\
Lib\site-packages\sklearn\u
tils\validation.py:2691: 
UserWarning: X does not 
have valid feature names, 
but RandomForestClassifier 
was fitted with feature 
names
  warnings.warn(
C:\Users\user\AppData\Local
\Programs\Python\Python311\
Lib\site-packages\sklearn\u
tils\validation.py:2691: 
UserWarning: X does not 
have valid feature names, 
but RandomForestClassifier 
was fitted with feature 
names
  warnings.warn(
C:\Users\user\AppData\Local
\Programs\Python\Python311\
Lib\site-packages\sklearn\u
tils\validation.py:2691: 
UserWarning: X does not 
have valid feature names, 
but RandomForestClassifier 
was fitted with feature 
names
  warnings.warn(
C:\Users\user\AppData\Local
\Programs\Python\Python311\
Lib\site-packages\sklearn\u
tils\validation.py:2691: 
UserWarning: X does not 
have valid feature names, 
but RandomForestClassifier 
was fitted with feature 
names
  warnings.warn(
C:\Users\user\AppData\Local
\Programs\Python\Python311\
Lib\site-packages\sklearn\u
tils\validation.py:2691: 
UserWarning: X does not 
have valid feature names, 
but RandomForestClassifier 
was fitted with feature 
names
  warnings.warn(
C:\Users\user\AppData\Local
\Programs\Python\Python311\
Lib\site-packages\sklearn\u
tils\validation.py:2691: 
UserWarning: X does not 
have valid feature names, 
but RandomForestClassifier 
was fitted with feature 
names
  warnings.warn(
C:\Users\user\AppData\Local
\Programs\Python\Python311\
Lib\site-packages\sklearn\u
tils\validation.py:2691: 
UserWarning: X does not 
have valid feature names, 
but RandomForestClassifier 
was fitted with feature 
names
  warnings.warn(
C:\Users\user\AppData\Local
\Programs\Python\Python311\
Lib\site-packages\sklearn\u
tils\validation.py:2691: 
UserWarning: X does not 
have valid feature names, 
but RandomForestClassifier 
was fitted with feature 
names
  warnings.warn(
C:\Users\user\AppData\Local
\Programs\Python\Python311\
Lib\site-packages\sklearn\u
tils\validation.py:2691: 
UserWarning: X does not 
have valid feature names, 
but RandomForestClassifier 
was fitted with feature 
names
  warnings.warn(
C:\Users\user\AppData\Local
\Programs\Python\Python311\
Lib\site-packages\sklearn\u
tils\validation.py:2691: 
UserWarning: X does not 
have valid feature names, 
but RandomForestClassifier 
was fitted with feature 
names
  warnings.warn(
C:\Users\user\AppData\Local
\Programs\Python\Python311\
Lib\site-packages\sklearn\u
tils\validation.py:2691: 
UserWarning: X does not 
have valid feature names, 
but RandomForestClassifier 
was fitted with feature 
names
  warnings.warn(
C:\Users\user\AppData\Local
\Programs\Python\Python311\
Lib\site-packages\sklearn\u
tils\validation.py:2691: 
UserWarning: X does not 
have valid feature names, 
but RandomForestClassifier 
was fitted with feature 
names
  warnings.warn(
C:\Users\user\AppData\Local
\Programs\Python\Python311\
Lib\site-packages\sklearn\u
tils\validation.py:2691: 
UserWarning: X does not 
have valid feature names, 
but RandomForestClassifier 
was fitted with feature 
names
  warnings.warn(
